[level]
tileset = maps/ciudadverde.png
map = ################AAAAAAAAAAAAAAAAAAAA.c..........AAAAAAAAAAAAAAAAAAAAAAAAAAAAAAAAAAAAAAAAAAAAAAAAAA
      ################AAAAAAAAAAAAAAAAAAAA.c..........AAAAAAAAAAAAAAAAAAAAAAAAAAAAAAAAAAAAAAAAAAAAAAAAAA
      ################AAAAAAAAAAAAAAAAAAAA.c........##AAAAAAAAAAAAAAAAAAAAAAAAAAAAAAAAAAAAAAAAAAAAAAAAAA
      ################AAAAAAAAAAAAAAAAAAAA.c........##AAAAAAAAAAAAAAAAAAAAAAAAAAAAAAAAAAAAAAAAAAAAAAAAAA
      ################AAAAAAAAAAAAAAAAAAAA.c..........AAAAAAAAAAAAAAAAAAAAAAAAAAAAAAAAAAAAAAAAAAAAAAAAAA
      ################AAAAAAAAAAAAAAAAAAAA.c..........AAAAAAAAAAAAAAAAAAAAAAAAAAAAAAAAAAAAAAAAAAAAAAAAAA
      ################AAAAAAAAAAAAAAAAAAAA.c..........AAAAAAAAAAAAAAAAAAAAAAAAAAAAAAAAAAAAAAAAAAAAAAAAAA
      ################AAAAAAAAAAAAAAAAAAAA.c..........AAAAAAAAAAAAAAAAAAAAAAAAAAAAAAAAAAAAAAAAAAAAAAAAAA
      ################cccccccccccccccccccccc..........AAAAAAAA............................AAAAAAAAAAAAAA
      ################cccccccccccccccccccccc..........AAAAAAAA............................AAAAAAAAAAAAAA
      ################....................................................................AAAAAAAAAAAAAA
      ################.....AA..AA..AA..AA.................................................AAAAAAAAAAAAAA
      ################..ccAAAAAAAAAAAAAAAAcc............................############......AAAAAAAAAAAAAA
      ################..ccAAAAAAAAAAAAAAAAcc............................############......AAAAAAAAAAAAAA
      ################..c.AAAAAAAAAAAAAAAA.c##..........................############......AAAAAAAAAAAAAA
      ################..c.AAAAAAAAAAAAAAAA.c##..........................############......AAAAAAAAAAAAAA
      ################..c.AAAAAAAAAAAAAAAA.c............................############......AAAAAAAAAAAAAA
      ################..c.AAAAAAAAAAAAAAAA.c..........##########........############......AAAAAAAAAAAAAA
      ################..c.AAAAAAAAAAAAAAAA.c##......############........############......AAAAAAAAAAAAAA
      ################..c.AAAAAAAAAAAAAAAA.c##......############......##############......AAAAAAAAAAAAAA
      ################..c.AAAAAAAAAAAAAAAA.c..........##########......##############......AAAAAAAAAAAAAA
      ################..c.AAAAAAAAAAAAAAAA.c..........##########......##.....#GG#.........AAAAAAAAAAAAAA
      ################..c.AAAAAAAAAAAAAAAA.c##......############..........................AAAAAAAAAAAAAA
      ################..c.AAAAAAAAAAAAAAAA.c##......############..........................AAAAAAAAAAAAAA
      ################..c.AAAAAAAAAAAAAAAA.c................####..........................AAAAAAAAAAAAAA
      ################..c.AAAAAAAAAAAAAAAA.c................##############################AAAAAAAAAAAAAA
      ################..c.AAAAAAAAAAAAAAAA.c##............................................AAAAAAAAAAAAAA
      ################..c.AAAAAAAAAAAAAAAA.c##............................................AAAAAAAAAAAAAA
      ################..c.AAAAAAAAAAAAAAAA.c..............................................AAAAAAAAAAAAAA
      ################..c.AAAAAAAAAAAAAAAA.c..............................................AAAAAAAAAAAAAA
      ############......c.AAAAAAAAAAAAAAAA.c##..................ccccccccccccccccccccccccccAAAAAAAAAAAAAA
      ############......c.AAAAAAAAAAAAAAAA.c##........##########ccccccccccccccccccccccccccAAAAAAAAAAAAAA
      ..................c.AAAAAAAAAAAAAAAA.c..##....############..........########........AAAAAAAAAAAAAA
      ..................cccccccccccccccccccc..##....############..........########........AAAAAAAAAAAAAA
      ................................................##########..........########........AAAAAAAAAAAAAA
      ................................................##########..........########........AAAAAAAAAAAAAA
      ..............................................############..........########........AAAAAAAAAAAAAA
      ..............................................############..........########........AAAAAAAAAAAAAA
      ................................................##..######..........########........AAAAAAAAAAAAAA
      ....................................................................####TT##........AAAAAAAAAAAAAA
      #############.......................................................................AAAAAAAAAAAAAA
      ##############......................................................................AAAAAAAAAAAAAA
      ##############......................................................................AAAAAAAAAAAAAA
      ##############......................................................................AAAAAAAAAAAAAA
      ##############......................................................................AAAAAAAAAAAAAA
      ##############.AA..AA...........................##########..........................AAAAAAAAAAAAAA
      ##############AAAAAAAA..........................##########..........................AAAAAAAAAAAAAA
      ##############AAAAAAAA...AA.....................##########..........................AAAAAAAAAAAAAA
      ##############AAAAAAAA..AAAA....................##########..........................AAAAAAAAAAAAAA
      ##############.AA..AA...AAAA....................##########..........................AAAAAAAAAAAAAA
      ##############..........AAAA....................##########..........................AAAAAAAAAAAAAA
      ##############...........AA.....................##########..........................AAAAAAAAAAAAAA
      ##############........############..............##########..........................AAAAAAAAAAAAAA
      ##############........#WWWWWWWWWW#..............####SS####..........................AAAAAAAAAAAAAA
      ##############........#WWWWWWWWWW#..................................................AAAAAAAAAAAAAA
      ##############........#WWWWWWWWWW#..................................................AAAAAAAAAAAAAA
      ##############........#WWWWWWWWWW#..................................................AAAAAAAAAAAAAA
      ##############........#WWWWWWWWWW#..................................................AAAAAAAAAAAAAA
      ##############........#WWWWWWWWWW#..................................................AAAAAAAAAAAAAA
      ##############........#WWWWWWWWWW#..................................................AAAAAAAAAAAAAA
      ##############........#WWWWWWWWWW#..................................................AAAAAAAAAAAAAA
      #######################WWWWWWWWWW#######......######################################AAAAAAAAAAAAAA
      ##############..........................##..........................................AAAAAAAAAAAAAA
      ##############..........................##..........................................AAAAAAAAAAAAAA
      ##############......................................................................AAAAAAAAAAAAAA
      ##############......................................................................AAAAAAAAAAAAAA
      ##############......................................................................AAAAAAAAAAAAAA
      #############AA..AA..AA..AA.........................................................AAAAAAAAAAAAAA
      ############AAAAAAAAAAAAAAAA........................................................AAAAAAAAAAAAAA
      ############AAAAAAAAAAAAAAAA........................................................AAAAAAAAAAAAAA
      ############AAAAAAAAAAAAAAAA........................................................AAAAAAAAAAAAAA
      ############AAAAAAAAAAAAAAAA.AA..AA..AA..AA..........AA..AA..AA..AA..AA..AA..AA..AA.AAAAAAAAAAAAAA
      ############AAAAAAAAAAAAAAAAAAAAAAAAAAAAAAAA........AAAAAAAAAAAAAAAAAAAAAAAAAAAAAAAAAAAAAAAAAAAAAA
      ############AAAAAAAAAAAAAAAAAAAAAAAAAAAAAAAA........AAAAAAAAAAAAAAAAAAAAAAAAAAAAAAAAAAAAAAAAAAAAAA
      ############AAAAAAAAAAAAAAAAAAAAAAAAAAAAAAAA........AAAAAAAAAAAAAAAAAAAAAAAAAAAAAAAAAAAAAAAAAAAAAA
      ############AAAAAAAAAAAAAAAAAAAAAAAAAAAAAAAA........AAAAAAAAAAAAAAAAAAAAAAAAAAAAAAAAAAAAAAAAAAAAAA
      ############AAAAAAAAAAAAAAAAAAAAAAAAAAAAAAAA........AAAAAAAAAAAAAAAAAAAAAAAAAAAAAAAAAAAAAAAAAAAAAA
      ############AAAAAAAAAAAAAAAAAAAAAAAAAAAAAAAA...I....AAAAAAAAAAAAAAAAAAAAAAAAAAAAAAAAAAAAAAAAAAAAAA
      ############AAAAAAAAAAAAAAAAAAAAAAAAAAAAAAAA........AAAAAAAAAAAAAAAAAAAAAAAAAAAAAAAAAAAAAAAAAAAAAA
      ############AAAAAAAAAAAAAAAAAAAAAAAAAAAAAAAA11111111AAAAAAAAAAAAAAAAAAAAAAAAAAAAAAAAAAAAAAAAAAAAAA
scale = 4

[.]
name = floor

[#]
name = wall
wall = True

[A]
name = arbol
wall = True

[W]
name = agua
wall = True

[c]
name = cerca
wall = True

[S]
name = centropokemom
state = False

[T]
name = tienda
state = False

[G]
name = gimnasio
llave = False
state = False

[1]
name = ruta1
state = False
