[level]
tileset = maps/pueblopaleta.png
map = AAAAAAAAAAAAAAAAAAAAAAAA####AAAAAAAAAAAAAAAAAAAA
      AAAAAAAAAAAAAAAAAAAAAAAA1111AAAAAAAAAAAAAAAAAAAA
      AAAAAAAAAAAAAAAAAAAAAAAA1111AAAAAAAAAAAAAAAAAAAA
      AAAA........................................AAAA
      AAAA........................................AAAA
      AAAA........................................AAAA
      AAAA......##########........##########......AAAA
      AAAA......##########........##########......AAAA
      AAAA......##########........##########......AAAA
      AAAA......##########........##########......AAAA
      AAAA......##########........##########......AAAA
      AAAA......##########........##########......AAAA
      AAAA......##########........##########......AAAA
      AAAA....############......############.....AAAAA
      AAAA....############......############.....AAAAA
      AAAA....####CC######......############.....AAAAA
      AAAA........I...............................AAAA
      AAAA........................................AAAA
      AAAA........................................AAAA
      AAAA......................##############....AAAA
      AAAA......................##############....AAAA
      AAAA......................##############....AAAA
      AAAA......cccccccc##......##############....AAAA
      AAAA......cccccccc##......##############....AAAA
      AAAA......................##############....AAAA
      AAAA......................##############....AAAA
      AAAA......................##############....AAAA
      AAAA......................######LL######....AAAA
      AAAA......##................................AAAA
      AAAA......##................................AAAA
      AAAA........................................AAAA
      AAAA........................................AAAA
      AAAA......................cccccc##cccc......AAAA
      AAAA......................cccccc##cccc......AAAA
      AAAA..........WWWWWWWW......................AAAA
      AAAA..........WWWWWWWW......................AAAA
      AAAA##########WWWWWWWW######################AAAA
      AAAA##########WWWWWWWW######################AAAA
scale = 2
iniciox = 10
inicioy = 20

[.]
name = floor

[1]
name = ruta1
state = False

[#]
name = wall
wall = True

[A]
name = arbol
wall = True

[C]
name = casa
state = False

[L]
name = laboratorio
state = False

[c]
name = cerca
wall = True

[W]
name = agua
wall = True
